npm warn Unknown env config "http-proxy". This will stop working in the next major version of npm.

> politica-election-results-public-site@1.8.0 build:app
> npm run build && node scripts/stage-build.mjs

npm warn Unknown env config "http-proxy". This will stop working in the next major version of npm.

> politica-election-results-public-site@1.8.0 build
> node scripts/clean-build.mjs && observable build

load /index 
Attention: Observable Framework collects anonymous telemetry to help us improve
           the product. See https://observablehq.com/framework/telemetry for details.
           Set `OBSERVABLE_TELEMETRY_DISABLE=true` to disable.
in 147ms
built 1 page in src
bundle /_observablehq/client.js → npm:react-dom@latest → npm:@observablehq/sample-datasets@latest → npm:lodash@latest → npm:arquero@latest → npm:apache-arrow@latest → npm:d3@latest → npm:echarts@latest → npm:htl@latest → npm:leaflet@latest → npm:mapbox-gl@latest → npm:@observablehq/plot@latest → npm:react@latest → npm:topojson-client@latest → npm:react-dom@19.2.8
npm:d3@7.9.0
npm:react@19.2.8
npm:apache-arrow@21.2.0
npm:leaflet@1.9.4
npm:htl@1.0.0
npm:topojson-client@3.1.0
npm:arquero@8.0.3
npm:lodash@4.18.1
npm:echarts@6.1.0
npm:@observablehq/sample-datasets@1.0.1
npm:d3-dsv@latest → npm:mapbox-gl@3.26.0
npm:@observablehq/plot@0.6.17
npm:d3-dsv@3.0.1
src/.observablehq/cache/_observablehq/client.js
bundle /_observablehq/runtime.js → src/.observablehq/cache/_observablehq/runtime.js
bundle /_observablehq/stdlib.js → npm:parquet-wasm@latest → npm:parquet-wasm@0.7.2
src/.observablehq/cache/_observablehq/stdlib.js
build src/politica.css → dist/_import/politica.3240f23d.css
alias /_observablehq/client.js → /_observablehq/client.4052fce5.js
alias /_observablehq/runtime.js → /_observablehq/runtime.607a8173.js
alias /_observablehq/stdlib.js → /_observablehq/stdlib.d41a6e77.js
build /_observablehq/client.js → dist/_observablehq/client.4052fce5.js
build /_observablehq/runtime.js → dist/_observablehq/runtime.607a8173.js
build /_observablehq/stdlib.js → dist/_observablehq/stdlib.d41a6e77.js
copy src/components/results.js → dist/_import/components/results.590abba5.js
copy src/foundation/dom.js → dist/_import/foundation/dom.511e4b4e.js
copy src/foundation/format.js → dist/_import/foundation/format.e2a4a187.js
copy src/foundation/party.js → dist/_import/foundation/party.3576021c.js
copy src/foundation/registry.js → dist/_import/foundation/registry.dbb5ddfd.js
copy src/foundation/legend.js → dist/_import/foundation/legend.88fe07cd.js
copy src/foundation/tooltip.js → dist/_import/foundation/tooltip.dba578ce.js
copy src/foundation/url-state.js → dist/_import/foundation/url-state.6b817b5a.js
copy src/foundation/source-panel.js → dist/_import/foundation/source-panel.334f66c8.js
copy src/foundation/chamber.js → dist/_import/foundation/chamber.96c59b93.js
copy src/foundation/map.js → dist/_import/foundation/map.c859ffd8.js
copy src/foundation/analytics.js → dist/_import/foundation/analytics.4fc3156f.js
copy src/foundation/senate.js → dist/_import/foundation/senate.f42848df.js
render /index → dist/index.html

┌ (1 page)          Page      Imports        Files
└── index           2 kB       195 kB        38 kB

npm notice
npm notice New minor version of npm available! 11.9.0 -> 11.18.0
npm notice Changelog: https://github.com/npm/cli/releases/tag/v11.18.0
npm notice To update run: npm install -g npm@11.18.0
npm notice
npm notice
npm notice New minor version of npm available! 11.9.0 -> 11.18.0
npm notice Changelog: https://github.com/npm/cli/releases/tag/v11.18.0
npm notice To update run: npm install -g npm@11.18.0
npm notice
npm warn Unknown env config "http-proxy". This will stop working in the next major version of npm.

> politica-election-results-public-site@1.8.0 test
> node --test tests/results.test.mjs

✔ helpers normalise historical states and filter seats safely (12.320996ms)
✔ visualisation registry and URL state reject unknown routes and preserve safe filters (0.665355ms)
✔ semicircle layout assigns one unique governed position to every member (1.904307ms)
✔ Senate helpers reconcile delegations, quotas, rounds, milestones and movements (0.976825ms)
✔ governed map helpers match electorate identities and create finite SVG paths (0.776709ms)
✔ House analytical helpers rank margins, swings, movements and representation deterministically (0.760335ms)
✔ public results runtime renders feeds, filters seats and exposes downloads (450.102428ms)
✔ static publication runtime reads only packaged relative files (66.310442ms)
ℹ tests 8
ℹ suites 0
ℹ pass 8
ℹ fail 0
ℹ cancelled 0
ℹ skipped 0
ℹ todo 0
ℹ duration_ms 889.518514
npm notice
npm notice New minor version of npm available! 11.9.0 -> 11.18.0
npm notice Changelog: https://github.com/npm/cli/releases/tag/v11.18.0
npm notice To update run: npm install -g npm@11.18.0
npm notice
